
  Generates manpages                         
         
  USAGE  
         
    simple man [--flags]  
         
  FLAGS  
         
    -h --help  Help for man

