
  Short help                                 
         
  USAGE  
         
    simple [command] [--flags]  
            
  COMMANDS  
            
    completion [command]  Generate the autocompletion script for the specified shell
    help [command]        Help about any command
    sub1                  A sub command
         
  FLAGS  
         
    -h --help             Help for simple
    -v --version          Version for simple

