
  yet another sub command                    
         
  USAGE  
         
    simple sub1 sub2 [args] [--flags]  
            
  EXAMPLES  
            
    simple sub1 sub2 args --help       
         
  FLAGS  
         
    -h --help  Help for sub2

