Custom error handler: unknown command "nope" for "simple"
