
  no manpages                                
         
  USAGE  
         
    simple [--flags]  
         
  FLAGS  
         
    -h --help     Help for simple
    -v --version  Version for simple

