          
   ERROR  
          
  Unknown flag: --asdf.

  Try --help for usage details.

