          
   ERROR  
          
  Unknown flag: --nope-nope-nope.          

  Try --help for usage.

