
  no completions                             
         
  USAGE  
         
    simple [--flags]  
            
  COMMANDS  
            
    help [command]  Help about any command
         
  FLAGS  
         
    -h --help       Help for simple
    -v --version    Version for simple

